<?xml version="1.0" encoding="UTF-8" standalone="yes"?>
<customer2>
    <familyname>Kovacs</familyname>
    <givenname>Katalin</givenname>
</customer2>